// Jest Snapshot v1, https://goo.gl/fbAQLP

exports[`should render AddExpensePage correctly 1`] = `
<div>
  <h1>
    Add Expense
  </h1>
  <ExpenseForm
    onSubmit={[Function]}
  />
  <button
    onClick={[Function]}
  >
    Add a navigation
  </button>
  <button
    onClick={[Function]}
  >
    Add a body element
  </button>
  <button
    onClick={[Function]}
  >
    Add a Photo gallery element
  </button>
</div>
`;
